<!doctype html><html><head><link rel="icon" href="/assets/favicon.png"></head><body></body></html>
