<!doctype html><html><head><link rel="icon" href="/custom/prefix/98487f08/favicon.png"></head><body></body></html>
